// Jest Snapshot v1, https://goo.gl/fbAQLP

exports[`renders the ActivityIndicator component 1`] = `
<ActivityIndicator
  size="large"
/>
`;

exports[`renders the Text component 1`] = `
<Text>
  Please Wait
</Text>
`;
